// Jest Snapshot v1, https://goo.gl/fbAQLP

exports[`=> IdeEditor component snapshot renders 1`] = `
<div
  className="sc-bdfBwQ cdrEyf"
>
  <textarea
    name="code_input"
  />
</div>
`;
